// Jest Snapshot v1, https://goo.gl/fbAQLP

exports[`syncedState should return a usable hook 1`] = `
<h1>
  Foo
</h1>
`;
